Removed Pin From Net: NetName=GND Pin=C2-1
Removed Pin From Net: NetName=3.3V Pin=C2-2
Removed Pin From Net: NetName=3.3V Pin=R8-2
Removed Pin From Net: NetName=CONT Pin=U3-3
Removed Pin From Net: NetName=GND Pin=U3-7
Removed Pin From Net: NetName=GND Pin=U3-8
Removed Pin From Net: NetName=A2 Pin=U3-9
Removed Pin From Net: NetName=A1 Pin=U3-10
Removed Pin From Net: NetName=A0 Pin=U3-11
Removed Pin From Net: NetName=3.3V Pin=U3-16
Removed Member From Class: ClassName=Sheet1 Member=C2
Removed Member From Class: ClassName=Sheet1 Member=R8
Removed Member From Class: ClassName=Sheet1 Member=T2
Removed Member From Class: ClassName=Sheet1 Member=T3
Removed Member From Class: ClassName=Sheet1 Member=T9
Removed Member From Class: ClassName=Sheet1 Member=T10
Removed Member From Class: ClassName=Sheet1 Member=T16
Removed Member From Class: ClassName=Sheet1 Member=T17
Removed Member From Class: ClassName=Sheet1 Member=T23
Removed Member From Class: ClassName=Sheet1 Member=T30
Removed Member From Class: ClassName=Sheet1 Member=T37
Removed Member From Class: ClassName=Sheet1 Member=T44
Removed Member From Class: ClassName=Sheet1 Member=U3
